
> talay@0.1.0 build
> vue-cli-service build

All browser targets in the browserslist configuration have supported ES module.
Therefore we don't build two separate bundles for differential loading.


cmd : -  Building for production...
At line:1 char:1
+ cmd /c npm run build > build_error.log 2>&1
+ ~~~~~~~~~~~~~~~~~~~~~~~~~~~~~~~~~~~~~~~~~~~
    + CategoryInfo          : NotSpecified: (-  Building for production...:String) [], RemoteException
    + FullyQualifiedErrorId : NativeCommandError
 
 ERROR  Failed to compile with 2 errors11:31:25 AM

 error  in ./src/router/index.js

Module not found: Error: Can't resolve '../components/KakaFormview.vue' in 'C:\Users\Lenovo\Desktop\Talay V2\talay\src\router'

 error  in ./src/router/index.js

Module not found: Error: Can't resolve '../components/KakaBmi.vue' in 'C:\Users\Lenovo\Desktop\Talay V2\talay\src\router'

 ERROR  Error: Build failed with errors.
Error: Build failed with errors.
    at C:\Users\Lenovo\Desktop\Talay V2\talay\node_modules\@vue\cli-service\lib\commands\build\index.js:207:23
    at C:\Users\Lenovo\Desktop\Talay V2\talay\node_modules\webpack\lib\webpack.js:241:7
    at C:\Users\Lenovo\Desktop\Talay V2\talay\node_modules\webpack\lib\HookWebpackError.js:101:2
    at Hook.eval [as callAsync] (eval at create (C:\Users\Lenovo\Desktop\Talay 
V2\talay\node_modules\tapable\lib\HookCodeFactory.js:31:10), <anonymous>:6:1)
    at Hook.CALL_ASYNC_DELEGATE [as _callAsync] (C:\Users\Lenovo\Desktop\Talay 
V2\talay\node_modules\tapable\lib\Hook.js:21:14)
    at Cache.shutdown (C:\Users\Lenovo\Desktop\Talay V2\talay\node_modules\webpack\lib\Cache.js:182:23)
    at C:\Users\Lenovo\Desktop\Talay V2\talay\node_modules\webpack\lib\Compiler.js:1447:15
    at Hook.eval [as callAsync] (eval at create (C:\Users\Lenovo\Desktop\Talay 
V2\talay\node_modules\tapable\lib\HookCodeFactory.js:31:10), <anonymous>:6:1)
    at Hook.CALL_ASYNC_DELEGATE [as _callAsync] (C:\Users\Lenovo\Desktop\Talay 
V2\talay\node_modules\tapable\lib\Hook.js:21:14)
    at Compiler.close (C:\Users\Lenovo\Desktop\Talay V2\talay\node_modules\webpack\lib\Compiler.js:1440:23)
    at C:\Users\Lenovo\Desktop\Talay V2\talay\node_modules\webpack\lib\webpack.js:240:15
    at finalCallback (C:\Users\Lenovo\Desktop\Talay V2\talay\node_modules\webpack\lib\Compiler.js:540:32)
    at C:\Users\Lenovo\Desktop\Talay V2\talay\node_modules\webpack\lib\Compiler.js:565:13
    at Hook.eval [as callAsync] (eval at create (C:\Users\Lenovo\Desktop\Talay 
V2\talay\node_modules\tapable\lib\HookCodeFactory.js:31:10), <anonymous>:24:1)
    at Hook.CALL_ASYNC_DELEGATE [as _callAsync] (C:\Users\Lenovo\Desktop\Talay 
V2\talay\node_modules\tapable\lib\Hook.js:21:14)
    at onCompiled (C:\Users\Lenovo\Desktop\Talay V2\talay\node_modules\webpack\lib\Compiler.js:563:21)
    at C:\Users\Lenovo\Desktop\Talay V2\talay\node_modules\webpack\lib\Compiler.js:1417:17
    at Hook.eval [as callAsync] (eval at create (C:\Users\Lenovo\Desktop\Talay 
V2\talay\node_modules\tapable\lib\HookCodeFactory.js:31:10), <anonymous>:6:1)
    at Hook.CALL_ASYNC_DELEGATE [as _callAsync] (C:\Users\Lenovo\Desktop\Talay 
V2\talay\node_modules\tapable\lib\Hook.js:21:14)
    at C:\Users\Lenovo\Desktop\Talay V2\talay\node_modules\webpack\lib\Compiler.js:1413:33
    at finalCallback (C:\Users\Lenovo\Desktop\Talay V2\talay\node_modules\webpack\lib\Compilation.js:3278:11)
    at C:\Users\Lenovo\Desktop\Talay V2\talay\node_modules\webpack\lib\Compilation.js:3617:11
    at Hook.eval [as callAsync] (eval at create (C:\Users\Lenovo\Desktop\Talay 
V2\talay\node_modules\tapable\lib\HookCodeFactory.js:31:10), <anonymous>:6:1)
    at Hook.CALL_ASYNC_DELEGATE [as _callAsync] (C:\Users\Lenovo\Desktop\Talay 
V2\talay\node_modules\tapable\lib\Hook.js:21:14)
    at C:\Users\Lenovo\Desktop\Talay V2\talay\node_modules\webpack\lib\Compilation.js:3610:38
    at eval (eval at create (C:\Users\Lenovo\Desktop\Talay 
V2\talay\node_modules\tapable\lib\HookCodeFactory.js:31:10), <anonymous>:15:1)
    at eval (eval at create (C:\Users\Lenovo\Desktop\Talay 
V2\talay\node_modules\tapable\lib\HookCodeFactory.js:31:10), <anonymous>:14:1)
    at process.processTicksAndRejections (node:internal/process/task_queues:104:5)
